MPLINK 5.09, LINKER
Linker Map File - Created Tue Dec 30 20:23:52 2025

                                 Section Info
                  Section       Type    Address   Location Size(Bytes)
                ---------  ---------  ---------  ---------  ---------
                   .org_0       code   0x000000    program   0x000002
                   .cinit    romdata   0x000001    program   0x000004
                   .org_1       code   0x000004    program   0x000266
.config_2007_BUILD/DEFAULT/PRODUCTION/MAIN.O       code   0x002007    program   0x000002



                              Program Memory Usage 
                               Start         End      
                           ---------   ---------      
                            0x000000    0x000002      
                            0x000004    0x000136      
                            0x002007    0x002007      
            311 out of 8454 program addresses used, program memory utilization is 3%



                              Symbols - Sorted by Name
                     Name    Address   Location    Storage File                     
                ---------  ---------  ---------  --------- ---------                
               BCD_FINISH   0x000119    program     static C:\proje3.X\main.asm     
                    CCW_L   0x0000ba    program     static C:\proje3.X\main.asm     
              CHECK_MOTOR   0x0000aa    program     static C:\proje3.X\main.asm     
              CONVERT_BCD   0x000108    program     static C:\proje3.X\main.asm     
                     CW_L   0x0000b3    program     static C:\proje3.X\main.asm     
                DELAY_5MS   0x00011c    program     static C:\proje3.X\main.asm     
                      DL1   0x00011e    program     static C:\proje3.X\main.asm     
                      DL2   0x000120    program     static C:\proje3.X\main.asm     
                HUND_LOOP   0x00010b    program     static C:\proje3.X\main.asm     
                 ISR_EXIT   0x00003e    program     static C:\proje3.X\main.asm     
              ISR_HANDLER   0x000004    program     static C:\proje3.X\main.asm     
                  LCD_CMD   0x0000ce    program     static C:\proje3.X\main.asm     
                 LCD_DATA   0x0000d6    program     static C:\proje3.X\main.asm     
                 LCD_INIT   0x0000de    program     static C:\proje3.X\main.asm     
       LCD_PRINT_TEMPLATE   0x0000eb    program     static C:\proje3.X\main.asm     
                MAIN_INIT   0x000051    program     static C:\proje3.X\main.asm     
                MAIN_LOOP   0x000075    program     static C:\proje3.X\main.asm     
                 MOVE_CCW   0x0000b8    program     static C:\proje3.X\main.asm     
                  MOVE_CW   0x0000b1    program     static C:\proje3.X\main.asm     
              OUTPUT_STEP   0x000132    program     static C:\proje3.X\main.asm     
                 READ_ADC   0x0000bf    program     static C:\proje3.X\main.asm     
          SET_CURTAIN_ANY   0x000022    program     static C:\proje3.X\main.asm     
                SET_CUR_H   0x00003a    program     static C:\proje3.X\main.asm     
          SKIP_POT_UPDATE   0x000086    program     static C:\proje3.X\main.asm     
                SND_DES_H   0x000030    program     static C:\proje3.X\main.asm     
                SND_DES_L   0x00002d    program     static C:\proje3.X\main.asm     
              SND_LIGHT_H   0x000036    program     static C:\proje3.X\main.asm     
              SND_LIGHT_L   0x000033    program     static C:\proje3.X\main.asm     
           STEP_MOTOR_CCW   0x00012b    program     static C:\proje3.X\main.asm     
            STEP_MOTOR_CW   0x000125    program     static C:\proje3.X\main.asm     
               STEP_TABLE   0x00004b    program     static C:\proje3.X\main.asm     
                TENS_LOOP   0x000112    program     static C:\proje3.X\main.asm     
                TENS_PREP   0x000112    program     static C:\proje3.X\main.asm     
                  UART_TX   0x000043    program     static C:\proje3.X\main.asm     
                 WAIT_ADC   0x0000ca    program     static C:\proje3.X\main.asm     
                      WTX   0x000045    program     static C:\proje3.X\main.asm     



                              Symbols - Sorted by Address
                     Name    Address   Location    Storage File                     
                ---------  ---------  ---------  --------- ---------                
              ISR_HANDLER   0x000004    program     static C:\proje3.X\main.asm     
          SET_CURTAIN_ANY   0x000022    program     static C:\proje3.X\main.asm     
                SND_DES_L   0x00002d    program     static C:\proje3.X\main.asm     
                SND_DES_H   0x000030    program     static C:\proje3.X\main.asm     
              SND_LIGHT_L   0x000033    program     static C:\proje3.X\main.asm     
              SND_LIGHT_H   0x000036    program     static C:\proje3.X\main.asm     
                SET_CUR_H   0x00003a    program     static C:\proje3.X\main.asm     
                 ISR_EXIT   0x00003e    program     static C:\proje3.X\main.asm     
                  UART_TX   0x000043    program     static C:\proje3.X\main.asm     
                      WTX   0x000045    program     static C:\proje3.X\main.asm     
               STEP_TABLE   0x00004b    program     static C:\proje3.X\main.asm     
                MAIN_INIT   0x000051    program     static C:\proje3.X\main.asm     
                MAIN_LOOP   0x000075    program     static C:\proje3.X\main.asm     
          SKIP_POT_UPDATE   0x000086    program     static C:\proje3.X\main.asm     
              CHECK_MOTOR   0x0000aa    program     static C:\proje3.X\main.asm     
                  MOVE_CW   0x0000b1    program     static C:\proje3.X\main.asm     
                     CW_L   0x0000b3    program     static C:\proje3.X\main.asm     
                 MOVE_CCW   0x0000b8    program     static C:\proje3.X\main.asm     
                    CCW_L   0x0000ba    program     static C:\proje3.X\main.asm     
                 READ_ADC   0x0000bf    program     static C:\proje3.X\main.asm     
                 WAIT_ADC   0x0000ca    program     static C:\proje3.X\main.asm     
                  LCD_CMD   0x0000ce    program     static C:\proje3.X\main.asm     
                 LCD_DATA   0x0000d6    program     static C:\proje3.X\main.asm     
                 LCD_INIT   0x0000de    program     static C:\proje3.X\main.asm     
       LCD_PRINT_TEMPLATE   0x0000eb    program     static C:\proje3.X\main.asm     
              CONVERT_BCD   0x000108    program     static C:\proje3.X\main.asm     
                HUND_LOOP   0x00010b    program     static C:\proje3.X\main.asm     
                TENS_PREP   0x000112    program     static C:\proje3.X\main.asm     
                TENS_LOOP   0x000112    program     static C:\proje3.X\main.asm     
               BCD_FINISH   0x000119    program     static C:\proje3.X\main.asm     
                DELAY_5MS   0x00011c    program     static C:\proje3.X\main.asm     
                      DL1   0x00011e    program     static C:\proje3.X\main.asm     
                      DL2   0x000120    program     static C:\proje3.X\main.asm     
            STEP_MOTOR_CW   0x000125    program     static C:\proje3.X\main.asm     
           STEP_MOTOR_CCW   0x00012b    program     static C:\proje3.X\main.asm     
              OUTPUT_STEP   0x000132    program     static C:\proje3.X\main.asm     


